client/src/components/admin/UserManagement.tsx(62,13): error TS2322: Type '"WEBSITE_ADMIN"' is not assignable to type 'UserRole'.
client/src/components/admin/UserManagement.tsx(72,13): error TS2322: Type '"CORP_OWNER"' is not assignable to type 'UserRole'.
client/src/components/admin/UserManagement.tsx(87,13): error TS2322: Type '"CORP_AGENT"' is not assignable to type 'UserRole'.
client/src/components/admin/UserManagement.tsx(102,13): error TS2322: Type '"INDIV_AGENT"' is not assignable to type 'UserRole'.
client/src/components/admin/UserManagement.tsx(115,13): error TS2322: Type '"SELLER"' is not assignable to type 'UserRole'.
client/src/components/admin/UserManagement.tsx(125,13): error TS2322: Type '"BUYER"' is not assignable to type 'UserRole'.
client/src/components/admin/UserManagement.tsx(212,37): error TS2345: Argument of type '"WEBSITE_ADMIN"' is not assignable to parameter of type 'UserRole'.
client/src/components/dashboard/RoleBasedDashboard.tsx(66,31): error TS2339: Property 'firstName' does not exist on type 'User'.
client/src/components/dashboard/RoleBasedDashboard.tsx(66,48): error TS2339: Property 'lastName' does not exist on type 'User'.
client/src/components/maps/PropertyMap.tsx(2,15): error TS7016: Could not find a declaration file for module 'leaflet'. '/Users/mohammedalhajri/real-estate-CRM-project/node_modules/leaflet/dist/leaflet-src.js' implicitly has an 'any' type.
  Try `npm i --save-dev @types/leaflet` if it exists or add a new declaration (.d.ts) file containing `declare module 'leaflet';`
client/src/components/modals/add-lead-modal.tsx(58,7): error TS2353: Object literal may only specify known properties, and 'city' does not exist in type 'AsyncDefaultValues<{ source: string; status: string; phone: string; firstName: string; lastName: string; email?: string | undefined; notes?: string | undefined; budget?: number | undefined; preferences?: string | undefined; }> | { ...; }'.
client/src/components/modals/add-lead-modal.tsx(71,30): error TS2304: Cannot find name 'InsertLead'.
client/src/components/modals/add-lead-modal.tsx(91,27): error TS2304: Cannot find name 'InsertLead'.
client/src/components/modals/add-lead-modal.tsx(114,19): error TS2322: Type 'Control<{ source: string; status: string; phone: string; firstName: string; lastName: string; email?: string | undefined; notes?: string | undefined; budget?: number | undefined; preferences?: string | undefined; }, any, TFieldValues>' is not assignable to type 'Control<{ source: string; status: string; phone: string; firstName: string; lastName: string; email?: string | undefined; notes?: string | undefined; budget?: number | undefined; preferences?: string | undefined; }, any, { ...; }>'.
  The types of '_options.resolver' are incompatible between these types.
    Type 'Resolver<{ source: string; status: string; phone: string; firstName: string; lastName: string; email?: string | undefined; notes?: string | undefined; budget?: number | undefined; preferences?: string | undefined; }, any, TFieldValues> | undefined' is not assignable to type 'Resolver<{ source: string; status: string; phone: string; firstName: string; lastName: string; email?: string | undefined; notes?: string | undefined; budget?: number | undefined; preferences?: string | undefined; }, any, { ...; }> | undefined'.
      Type 'Resolver<{ source: string; status: string; phone: string; firstName: string; lastName: string; email?: string | undefined; notes?: string | undefined; budget?: number | undefined; preferences?: string | undefined; }, any, TFieldValues>' is not assignable to type 'Resolver<{ source: string; status: string; phone: string; firstName: string; lastName: string; email?: string | undefined; notes?: string | undefined; budget?: number | undefined; preferences?: string | undefined; }, any, { ...; }>'.
        Type 'TFieldValues' is not assignable to type '{ source: string; status: string; phone: string; firstName: string; lastName: string; email?: string | undefined; notes?: string | undefined; budget?: number | undefined; preferences?: string | undefined; }'.
          Type 'FieldValues' is missing the following properties from type '{ source: string; status: string; phone: string; firstName: string; lastName: string; email?: string | undefined; notes?: string | undefined; budget?: number | undefined; preferences?: string | undefined; }': source, status, phone, firstName, lastName
client/src/components/modals/add-lead-modal.tsx(127,19): error TS2322: Type 'Control<{ source: string; status: string; phone: string; firstName: string; lastName: string; email?: string | undefined; notes?: string | undefined; budget?: number | undefined; preferences?: string | undefined; }, any, TFieldValues>' is not assignable to type 'Control<{ source: string; status: string; phone: string; firstName: string; lastName: string; email?: string | undefined; notes?: string | undefined; budget?: number | undefined; preferences?: string | undefined; }, any, { ...; }>'.
  The types of '_options.resolver' are incompatible between these types.
    Type 'Resolver<{ source: string; status: string; phone: string; firstName: string; lastName: string; email?: string | undefined; notes?: string | undefined; budget?: number | undefined; preferences?: string | undefined; }, any, TFieldValues> | undefined' is not assignable to type 'Resolver<{ source: string; status: string; phone: string; firstName: string; lastName: string; email?: string | undefined; notes?: string | undefined; budget?: number | undefined; preferences?: string | undefined; }, any, { ...; }> | undefined'.
      Type 'Resolver<{ source: string; status: string; phone: string; firstName: string; lastName: string; email?: string | undefined; notes?: string | undefined; budget?: number | undefined; preferences?: string | undefined; }, any, TFieldValues>' is not assignable to type 'Resolver<{ source: string; status: string; phone: string; firstName: string; lastName: string; email?: string | undefined; notes?: string | undefined; budget?: number | undefined; preferences?: string | undefined; }, any, { ...; }>'.
        Type 'TFieldValues' is not assignable to type '{ source: string; status: string; phone: string; firstName: string; lastName: string; email?: string | undefined; notes?: string | undefined; budget?: number | undefined; preferences?: string | undefined; }'.
          Type 'FieldValues' is missing the following properties from type '{ source: string; status: string; phone: string; firstName: string; lastName: string; email?: string | undefined; notes?: string | undefined; budget?: number | undefined; preferences?: string | undefined; }': source, status, phone, firstName, lastName
client/src/components/modals/add-lead-modal.tsx(140,19): error TS2322: Type 'Control<{ source: string; status: string; phone: string; firstName: string; lastName: string; email?: string | undefined; notes?: string | undefined; budget?: number | undefined; preferences?: string | undefined; }, any, TFieldValues>' is not assignable to type 'Control<{ source: string; status: string; phone: string; firstName: string; lastName: string; email?: string | undefined; notes?: string | undefined; budget?: number | undefined; preferences?: string | undefined; }, any, { ...; }>'.
  The types of '_options.resolver' are incompatible between these types.
    Type 'Resolver<{ source: string; status: string; phone: string; firstName: string; lastName: string; email?: string | undefined; notes?: string | undefined; budget?: number | undefined; preferences?: string | undefined; }, any, TFieldValues> | undefined' is not assignable to type 'Resolver<{ source: string; status: string; phone: string; firstName: string; lastName: string; email?: string | undefined; notes?: string | undefined; budget?: number | undefined; preferences?: string | undefined; }, any, { ...; }> | undefined'.
      Type 'Resolver<{ source: string; status: string; phone: string; firstName: string; lastName: string; email?: string | undefined; notes?: string | undefined; budget?: number | undefined; preferences?: string | undefined; }, any, TFieldValues>' is not assignable to type 'Resolver<{ source: string; status: string; phone: string; firstName: string; lastName: string; email?: string | undefined; notes?: string | undefined; budget?: number | undefined; preferences?: string | undefined; }, any, { ...; }>'.
        Type 'TFieldValues' is not assignable to type '{ source: string; status: string; phone: string; firstName: string; lastName: string; email?: string | undefined; notes?: string | undefined; budget?: number | undefined; preferences?: string | undefined; }'.
          Type 'FieldValues' is missing the following properties from type '{ source: string; status: string; phone: string; firstName: string; lastName: string; email?: string | undefined; notes?: string | undefined; budget?: number | undefined; preferences?: string | undefined; }': source, status, phone, firstName, lastName
client/src/components/modals/add-lead-modal.tsx(141,19): error TS2322: Type '"age"' is not assignable to type '"source" | "email" | "status" | "phone" | "firstName" | "lastName" | "notes" | "budget" | "preferences"'.
client/src/components/modals/add-lead-modal.tsx(161,19): error TS2322: Type 'Control<{ source: string; status: string; phone: string; firstName: string; lastName: string; email?: string | undefined; notes?: string | undefined; budget?: number | undefined; preferences?: string | undefined; }, any, TFieldValues>' is not assignable to type 'Control<{ source: string; status: string; phone: string; firstName: string; lastName: string; email?: string | undefined; notes?: string | undefined; budget?: number | undefined; preferences?: string | undefined; }, any, { ...; }>'.
  The types of '_options.resolver' are incompatible between these types.
    Type 'Resolver<{ source: string; status: string; phone: string; firstName: string; lastName: string; email?: string | undefined; notes?: string | undefined; budget?: number | undefined; preferences?: string | undefined; }, any, TFieldValues> | undefined' is not assignable to type 'Resolver<{ source: string; status: string; phone: string; firstName: string; lastName: string; email?: string | undefined; notes?: string | undefined; budget?: number | undefined; preferences?: string | undefined; }, any, { ...; }> | undefined'.
      Type 'Resolver<{ source: string; status: string; phone: string; firstName: string; lastName: string; email?: string | undefined; notes?: string | undefined; budget?: number | undefined; preferences?: string | undefined; }, any, TFieldValues>' is not assignable to type 'Resolver<{ source: string; status: string; phone: string; firstName: string; lastName: string; email?: string | undefined; notes?: string | undefined; budget?: number | undefined; preferences?: string | undefined; }, any, { ...; }>'.
        Type 'TFieldValues' is not assignable to type '{ source: string; status: string; phone: string; firstName: string; lastName: string; email?: string | undefined; notes?: string | undefined; budget?: number | undefined; preferences?: string | undefined; }'.
          Type 'FieldValues' is missing the following properties from type '{ source: string; status: string; phone: string; firstName: string; lastName: string; email?: string | undefined; notes?: string | undefined; budget?: number | undefined; preferences?: string | undefined; }': source, status, phone, firstName, lastName
client/src/components/modals/add-lead-modal.tsx(174,19): error TS2322: Type 'Control<{ source: string; status: string; phone: string; firstName: string; lastName: string; email?: string | undefined; notes?: string | undefined; budget?: number | undefined; preferences?: string | undefined; }, any, TFieldValues>' is not assignable to type 'Control<{ source: string; status: string; phone: string; firstName: string; lastName: string; email?: string | undefined; notes?: string | undefined; budget?: number | undefined; preferences?: string | undefined; }, any, { ...; }>'.
  The types of '_options.resolver' are incompatible between these types.
    Type 'Resolver<{ source: string; status: string; phone: string; firstName: string; lastName: string; email?: string | undefined; notes?: string | undefined; budget?: number | undefined; preferences?: string | undefined; }, any, TFieldValues> | undefined' is not assignable to type 'Resolver<{ source: string; status: string; phone: string; firstName: string; lastName: string; email?: string | undefined; notes?: string | undefined; budget?: number | undefined; preferences?: string | undefined; }, any, { ...; }> | undefined'.
      Type 'Resolver<{ source: string; status: string; phone: string; firstName: string; lastName: string; email?: string | undefined; notes?: string | undefined; budget?: number | undefined; preferences?: string | undefined; }, any, TFieldValues>' is not assignable to type 'Resolver<{ source: string; status: string; phone: string; firstName: string; lastName: string; email?: string | undefined; notes?: string | undefined; budget?: number | undefined; preferences?: string | undefined; }, any, { ...; }>'.
        Type 'TFieldValues' is not assignable to type '{ source: string; status: string; phone: string; firstName: string; lastName: string; email?: string | undefined; notes?: string | undefined; budget?: number | undefined; preferences?: string | undefined; }'.
          Type 'FieldValues' is missing the following properties from type '{ source: string; status: string; phone: string; firstName: string; lastName: string; email?: string | undefined; notes?: string | undefined; budget?: number | undefined; preferences?: string | undefined; }': source, status, phone, firstName, lastName
client/src/components/modals/add-lead-modal.tsx(195,19): error TS2322: Type 'Control<{ source: string; status: string; phone: string; firstName: string; lastName: string; email?: string | undefined; notes?: string | undefined; budget?: number | undefined; preferences?: string | undefined; }, any, TFieldValues>' is not assignable to type 'Control<{ source: string; status: string; phone: string; firstName: string; lastName: string; email?: string | undefined; notes?: string | undefined; budget?: number | undefined; preferences?: string | undefined; }, any, { ...; }>'.
  The types of '_options.resolver' are incompatible between these types.
    Type 'Resolver<{ source: string; status: string; phone: string; firstName: string; lastName: string; email?: string | undefined; notes?: string | undefined; budget?: number | undefined; preferences?: string | undefined; }, any, TFieldValues> | undefined' is not assignable to type 'Resolver<{ source: string; status: string; phone: string; firstName: string; lastName: string; email?: string | undefined; notes?: string | undefined; budget?: number | undefined; preferences?: string | undefined; }, any, { ...; }> | undefined'.
      Type 'Resolver<{ source: string; status: string; phone: string; firstName: string; lastName: string; email?: string | undefined; notes?: string | undefined; budget?: number | undefined; preferences?: string | undefined; }, any, TFieldValues>' is not assignable to type 'Resolver<{ source: string; status: string; phone: string; firstName: string; lastName: string; email?: string | undefined; notes?: string | undefined; budget?: number | undefined; preferences?: string | undefined; }, any, { ...; }>'.
        Type 'TFieldValues' is not assignable to type '{ source: string; status: string; phone: string; firstName: string; lastName: string; email?: string | undefined; notes?: string | undefined; budget?: number | undefined; preferences?: string | undefined; }'.
          Type 'FieldValues' is missing the following properties from type '{ source: string; status: string; phone: string; firstName: string; lastName: string; email?: string | undefined; notes?: string | undefined; budget?: number | undefined; preferences?: string | undefined; }': source, status, phone, firstName, lastName
client/src/components/modals/add-lead-modal.tsx(196,19): error TS2322: Type '"city"' is not assignable to type '"source" | "email" | "status" | "phone" | "firstName" | "lastName" | "notes" | "budget" | "preferences"'.
client/src/components/modals/add-lead-modal.tsx(274,19): error TS2322: Type 'Control<{ source: string; status: string; phone: string; firstName: string; lastName: string; email?: string | undefined; notes?: string | undefined; budget?: number | undefined; preferences?: string | undefined; }, any, TFieldValues>' is not assignable to type 'Control<{ source: string; status: string; phone: string; firstName: string; lastName: string; email?: string | undefined; notes?: string | undefined; budget?: number | undefined; preferences?: string | undefined; }, any, { ...; }>'.
  The types of '_options.resolver' are incompatible between these types.
    Type 'Resolver<{ source: string; status: string; phone: string; firstName: string; lastName: string; email?: string | undefined; notes?: string | undefined; budget?: number | undefined; preferences?: string | undefined; }, any, TFieldValues> | undefined' is not assignable to type 'Resolver<{ source: string; status: string; phone: string; firstName: string; lastName: string; email?: string | undefined; notes?: string | undefined; budget?: number | undefined; preferences?: string | undefined; }, any, { ...; }> | undefined'.
      Type 'Resolver<{ source: string; status: string; phone: string; firstName: string; lastName: string; email?: string | undefined; notes?: string | undefined; budget?: number | undefined; preferences?: string | undefined; }, any, TFieldValues>' is not assignable to type 'Resolver<{ source: string; status: string; phone: string; firstName: string; lastName: string; email?: string | undefined; notes?: string | undefined; budget?: number | undefined; preferences?: string | undefined; }, any, { ...; }>'.
        Type 'TFieldValues' is not assignable to type '{ source: string; status: string; phone: string; firstName: string; lastName: string; email?: string | undefined; notes?: string | undefined; budget?: number | undefined; preferences?: string | undefined; }'.
          Type 'FieldValues' is missing the following properties from type '{ source: string; status: string; phone: string; firstName: string; lastName: string; email?: string | undefined; notes?: string | undefined; budget?: number | undefined; preferences?: string | undefined; }': source, status, phone, firstName, lastName
client/src/components/modals/add-lead-modal.tsx(275,19): error TS2322: Type '"maritalStatus"' is not assignable to type '"source" | "email" | "status" | "phone" | "firstName" | "lastName" | "notes" | "budget" | "preferences"'.
client/src/components/modals/add-lead-modal.tsx(279,62): error TS2322: Type 'string | number' is not assignable to type 'string | undefined'.
  Type 'number' is not assignable to type 'string'.
client/src/components/modals/add-lead-modal.tsx(297,19): error TS2322: Type 'Control<{ source: string; status: string; phone: string; firstName: string; lastName: string; email?: string | undefined; notes?: string | undefined; budget?: number | undefined; preferences?: string | undefined; }, any, TFieldValues>' is not assignable to type 'Control<{ source: string; status: string; phone: string; firstName: string; lastName: string; email?: string | undefined; notes?: string | undefined; budget?: number | undefined; preferences?: string | undefined; }, any, { ...; }>'.
  The types of '_options.resolver' are incompatible between these types.
    Type 'Resolver<{ source: string; status: string; phone: string; firstName: string; lastName: string; email?: string | undefined; notes?: string | undefined; budget?: number | undefined; preferences?: string | undefined; }, any, TFieldValues> | undefined' is not assignable to type 'Resolver<{ source: string; status: string; phone: string; firstName: string; lastName: string; email?: string | undefined; notes?: string | undefined; budget?: number | undefined; preferences?: string | undefined; }, any, { ...; }> | undefined'.
      Type 'Resolver<{ source: string; status: string; phone: string; firstName: string; lastName: string; email?: string | undefined; notes?: string | undefined; budget?: number | undefined; preferences?: string | undefined; }, any, TFieldValues>' is not assignable to type 'Resolver<{ source: string; status: string; phone: string; firstName: string; lastName: string; email?: string | undefined; notes?: string | undefined; budget?: number | undefined; preferences?: string | undefined; }, any, { ...; }>'.
        Type 'TFieldValues' is not assignable to type '{ source: string; status: string; phone: string; firstName: string; lastName: string; email?: string | undefined; notes?: string | undefined; budget?: number | undefined; preferences?: string | undefined; }'.
          Type 'FieldValues' is missing the following properties from type '{ source: string; status: string; phone: string; firstName: string; lastName: string; email?: string | undefined; notes?: string | undefined; budget?: number | undefined; preferences?: string | undefined; }': source, status, phone, firstName, lastName
client/src/components/modals/add-lead-modal.tsx(298,19): error TS2322: Type '"numberOfDependents"' is not assignable to type '"source" | "email" | "status" | "phone" | "firstName" | "lastName" | "notes" | "budget" | "preferences"'.
client/src/components/modals/add-lead-modal.tsx(318,19): error TS2322: Type 'Control<{ source: string; status: string; phone: string; firstName: string; lastName: string; email?: string | undefined; notes?: string | undefined; budget?: number | undefined; preferences?: string | undefined; }, any, TFieldValues>' is not assignable to type 'Control<{ source: string; status: string; phone: string; firstName: string; lastName: string; email?: string | undefined; notes?: string | undefined; budget?: number | undefined; preferences?: string | undefined; }, any, { ...; }>'.
  The types of '_options.resolver' are incompatible between these types.
    Type 'Resolver<{ source: string; status: string; phone: string; firstName: string; lastName: string; email?: string | undefined; notes?: string | undefined; budget?: number | undefined; preferences?: string | undefined; }, any, TFieldValues> | undefined' is not assignable to type 'Resolver<{ source: string; status: string; phone: string; firstName: string; lastName: string; email?: string | undefined; notes?: string | undefined; budget?: number | undefined; preferences?: string | undefined; }, any, { ...; }> | undefined'.
      Type 'Resolver<{ source: string; status: string; phone: string; firstName: string; lastName: string; email?: string | undefined; notes?: string | undefined; budget?: number | undefined; preferences?: string | undefined; }, any, TFieldValues>' is not assignable to type 'Resolver<{ source: string; status: string; phone: string; firstName: string; lastName: string; email?: string | undefined; notes?: string | undefined; budget?: number | undefined; preferences?: string | undefined; }, any, { ...; }>'.
        Type 'TFieldValues' is not assignable to type '{ source: string; status: string; phone: string; firstName: string; lastName: string; email?: string | undefined; notes?: string | undefined; budget?: number | undefined; preferences?: string | undefined; }'.
          Type 'FieldValues' is missing the following properties from type '{ source: string; status: string; phone: string; firstName: string; lastName: string; email?: string | undefined; notes?: string | undefined; budget?: number | undefined; preferences?: string | undefined; }': source, status, phone, firstName, lastName
client/src/components/modals/add-lead-modal.tsx(319,19): error TS2322: Type '"leadSource"' is not assignable to type '"source" | "email" | "status" | "phone" | "firstName" | "lastName" | "notes" | "budget" | "preferences"'.
client/src/components/modals/add-lead-modal.tsx(323,62): error TS2322: Type 'string | number' is not assignable to type 'string | undefined'.
  Type 'number' is not assignable to type 'string'.
client/src/components/modals/add-lead-modal.tsx(342,19): error TS2322: Type 'Control<{ source: string; status: string; phone: string; firstName: string; lastName: string; email?: string | undefined; notes?: string | undefined; budget?: number | undefined; preferences?: string | undefined; }, any, TFieldValues>' is not assignable to type 'Control<{ source: string; status: string; phone: string; firstName: string; lastName: string; email?: string | undefined; notes?: string | undefined; budget?: number | undefined; preferences?: string | undefined; }, any, { ...; }>'.
  The types of '_options.resolver' are incompatible between these types.
    Type 'Resolver<{ source: string; status: string; phone: string; firstName: string; lastName: string; email?: string | undefined; notes?: string | undefined; budget?: number | undefined; preferences?: string | undefined; }, any, TFieldValues> | undefined' is not assignable to type 'Resolver<{ source: string; status: string; phone: string; firstName: string; lastName: string; email?: string | undefined; notes?: string | undefined; budget?: number | undefined; preferences?: string | undefined; }, any, { ...; }> | undefined'.
      Type 'Resolver<{ source: string; status: string; phone: string; firstName: string; lastName: string; email?: string | undefined; notes?: string | undefined; budget?: number | undefined; preferences?: string | undefined; }, any, TFieldValues>' is not assignable to type 'Resolver<{ source: string; status: string; phone: string; firstName: string; lastName: string; email?: string | undefined; notes?: string | undefined; budget?: number | undefined; preferences?: string | undefined; }, any, { ...; }>'.
        Type 'TFieldValues' is not assignable to type '{ source: string; status: string; phone: string; firstName: string; lastName: string; email?: string | undefined; notes?: string | undefined; budget?: number | undefined; preferences?: string | undefined; }'.
          Type 'FieldValues' is missing the following properties from type '{ source: string; status: string; phone: string; firstName: string; lastName: string; email?: string | undefined; notes?: string | undefined; budget?: number | undefined; preferences?: string | undefined; }': source, status, phone, firstName, lastName
client/src/components/modals/add-lead-modal.tsx(343,19): error TS2322: Type '"budgetRange"' is not assignable to type '"source" | "email" | "status" | "phone" | "firstName" | "lastName" | "notes" | "budget" | "preferences"'.
client/src/components/modals/add-lead-modal.tsx(347,62): error TS2322: Type 'string | number' is not assignable to type 'string | undefined'.
  Type 'number' is not assignable to type 'string'.
client/src/components/modals/add-lead-modal.tsx(369,19): error TS2322: Type 'Control<{ source: string; status: string; phone: string; firstName: string; lastName: string; email?: string | undefined; notes?: string | undefined; budget?: number | undefined; preferences?: string | undefined; }, any, TFieldValues>' is not assignable to type 'Control<{ source: string; status: string; phone: string; firstName: string; lastName: string; email?: string | undefined; notes?: string | undefined; budget?: number | undefined; preferences?: string | undefined; }, any, { ...; }>'.
  The types of '_options.resolver' are incompatible between these types.
    Type 'Resolver<{ source: string; status: string; phone: string; firstName: string; lastName: string; email?: string | undefined; notes?: string | undefined; budget?: number | undefined; preferences?: string | undefined; }, any, TFieldValues> | undefined' is not assignable to type 'Resolver<{ source: string; status: string; phone: string; firstName: string; lastName: string; email?: string | undefined; notes?: string | undefined; budget?: number | undefined; preferences?: string | undefined; }, any, { ...; }> | undefined'.
      Type 'Resolver<{ source: string; status: string; phone: string; firstName: string; lastName: string; email?: string | undefined; notes?: string | undefined; budget?: number | undefined; preferences?: string | undefined; }, any, TFieldValues>' is not assignable to type 'Resolver<{ source: string; status: string; phone: string; firstName: string; lastName: string; email?: string | undefined; notes?: string | undefined; budget?: number | undefined; preferences?: string | undefined; }, any, { ...; }>'.
        Type 'TFieldValues' is not assignable to type '{ source: string; status: string; phone: string; firstName: string; lastName: string; email?: string | undefined; notes?: string | undefined; budget?: number | undefined; preferences?: string | undefined; }'.
          Type 'FieldValues' is missing the following properties from type '{ source: string; status: string; phone: string; firstName: string; lastName: string; email?: string | undefined; notes?: string | undefined; budget?: number | undefined; preferences?: string | undefined; }': source, status, phone, firstName, lastName
client/src/components/modals/add-lead-modal.tsx(370,19): error TS2322: Type '"interestType"' is not assignable to type '"source" | "email" | "status" | "phone" | "firstName" | "lastName" | "notes" | "budget" | "preferences"'.
client/src/components/modals/add-lead-modal.tsx(377,27): error TS2322: Type 'string | number' is not assignable to type 'string | undefined'.
  Type 'number' is not assignable to type 'string'.
client/src/components/modals/add-lead-modal.tsx(395,19): error TS2322: Type 'Control<{ source: string; status: string; phone: string; firstName: string; lastName: string; email?: string | undefined; notes?: string | undefined; budget?: number | undefined; preferences?: string | undefined; }, any, TFieldValues>' is not assignable to type 'Control<{ source: string; status: string; phone: string; firstName: string; lastName: string; email?: string | undefined; notes?: string | undefined; budget?: number | undefined; preferences?: string | undefined; }, any, { ...; }>'.
  The types of '_options.resolver' are incompatible between these types.
    Type 'Resolver<{ source: string; status: string; phone: string; firstName: string; lastName: string; email?: string | undefined; notes?: string | undefined; budget?: number | undefined; preferences?: string | undefined; }, any, TFieldValues> | undefined' is not assignable to type 'Resolver<{ source: string; status: string; phone: string; firstName: string; lastName: string; email?: string | undefined; notes?: string | undefined; budget?: number | undefined; preferences?: string | undefined; }, any, { ...; }> | undefined'.
      Type 'Resolver<{ source: string; status: string; phone: string; firstName: string; lastName: string; email?: string | undefined; notes?: string | undefined; budget?: number | undefined; preferences?: string | undefined; }, any, TFieldValues>' is not assignable to type 'Resolver<{ source: string; status: string; phone: string; firstName: string; lastName: string; email?: string | undefined; notes?: string | undefined; budget?: number | undefined; preferences?: string | undefined; }, any, { ...; }>'.
        Type 'TFieldValues' is not assignable to type '{ source: string; status: string; phone: string; firstName: string; lastName: string; email?: string | undefined; notes?: string | undefined; budget?: number | undefined; preferences?: string | undefined; }'.
          Type 'FieldValues' is missing the following properties from type '{ source: string; status: string; phone: string; firstName: string; lastName: string; email?: string | undefined; notes?: string | undefined; budget?: number | undefined; preferences?: string | undefined; }': source, status, phone, firstName, lastName
client/src/components/modals/add-property-modal.tsx(34,7): error TS2322: Type 'string' is not assignable to type 'number'.
client/src/components/modals/add-property-modal.tsx(37,7): error TS2322: Type 'string' is not assignable to type 'number'.
client/src/components/modals/add-property-modal.tsx(79,45): error TS2345: Argument of type '(data: InsertProperty) => void' is not assignable to parameter of type 'SubmitHandler<TFieldValues>'.
  Types of parameters 'data' and 'data' are incompatible.
    Type 'TFieldValues' is not assignable to type 'InsertProperty'.
      Type 'FieldValues' is missing the following properties from type 'InsertProperty': title, description, type, price, and 6 more.
client/src/components/modals/add-property-modal.tsx(82,17): error TS2322: Type 'Control<InsertProperty, any, TFieldValues>' is not assignable to type 'Control<InsertProperty, any, InsertProperty>'.
  The types of '_options.resolver' are incompatible between these types.
    Type 'Resolver<InsertProperty, any, TFieldValues> | undefined' is not assignable to type 'Resolver<InsertProperty, any, InsertProperty> | undefined'.
      Type 'Resolver<InsertProperty, any, TFieldValues>' is not assignable to type 'Resolver<InsertProperty, any, InsertProperty>'.
        Type 'TFieldValues' is not assignable to type 'InsertProperty'.
          Type 'FieldValues' is missing the following properties from type 'InsertProperty': title, description, type, price, and 6 more.
client/src/components/modals/add-property-modal.tsx(95,17): error TS2322: Type 'Control<InsertProperty, any, TFieldValues>' is not assignable to type 'Control<InsertProperty, any, InsertProperty>'.
  The types of '_options.resolver' are incompatible between these types.
    Type 'Resolver<InsertProperty, any, TFieldValues> | undefined' is not assignable to type 'Resolver<InsertProperty, any, InsertProperty> | undefined'.
      Type 'Resolver<InsertProperty, any, TFieldValues>' is not assignable to type 'Resolver<InsertProperty, any, InsertProperty>'.
        Type 'TFieldValues' is not assignable to type 'InsertProperty'.
          Type 'FieldValues' is missing the following properties from type 'InsertProperty': title, description, type, price, and 6 more.
client/src/components/modals/add-property-modal.tsx(96,17): error TS2322: Type '"propertyType"' is not assignable to type '"features" | "price" | "description" | "title" | "address" | "area" | "type" | "agentId" | "organizationId" | "city" | "bedrooms" | "bathrooms" | "status" | "latitude" | "longitude" | "state" | "images" | `features.${number}` | `images.${number}`'.
client/src/components/modals/add-property-modal.tsx(100,60): error TS2322: Type 'string | number | string[] | undefined' is not assignable to type 'string | undefined'.
  Type 'number' is not assignable to type 'string'.
client/src/components/modals/add-property-modal.tsx(120,15): error TS2322: Type 'Control<InsertProperty, any, TFieldValues>' is not assignable to type 'Control<InsertProperty, any, InsertProperty>'.
  The types of '_options.resolver' are incompatible between these types.
    Type 'Resolver<InsertProperty, any, TFieldValues> | undefined' is not assignable to type 'Resolver<InsertProperty, any, InsertProperty> | undefined'.
      Type 'Resolver<InsertProperty, any, TFieldValues>' is not assignable to type 'Resolver<InsertProperty, any, InsertProperty>'.
        Type 'TFieldValues' is not assignable to type 'InsertProperty'.
          Type 'FieldValues' is missing the following properties from type 'InsertProperty': title, description, type, price, and 6 more.
client/src/components/modals/add-property-modal.tsx(140,17): error TS2322: Type 'Control<InsertProperty, any, TFieldValues>' is not assignable to type 'Control<InsertProperty, any, InsertProperty>'.
  The types of '_options.resolver' are incompatible between these types.
    Type 'Resolver<InsertProperty, any, TFieldValues> | undefined' is not assignable to type 'Resolver<InsertProperty, any, InsertProperty> | undefined'.
      Type 'Resolver<InsertProperty, any, TFieldValues>' is not assignable to type 'Resolver<InsertProperty, any, InsertProperty>'.
        Type 'TFieldValues' is not assignable to type 'InsertProperty'.
          Type 'FieldValues' is missing the following properties from type 'InsertProperty': title, description, type, price, and 6 more.
client/src/components/modals/add-property-modal.tsx(153,17): error TS2322: Type 'Control<InsertProperty, any, TFieldValues>' is not assignable to type 'Control<InsertProperty, any, InsertProperty>'.
  The types of '_options.resolver' are incompatible between these types.
    Type 'Resolver<InsertProperty, any, TFieldValues> | undefined' is not assignable to type 'Resolver<InsertProperty, any, InsertProperty> | undefined'.
      Type 'Resolver<InsertProperty, any, TFieldValues>' is not assignable to type 'Resolver<InsertProperty, any, InsertProperty>'.
        Type 'TFieldValues' is not assignable to type 'InsertProperty'.
          Type 'FieldValues' is missing the following properties from type 'InsertProperty': title, description, type, price, and 6 more.
client/src/components/modals/add-property-modal.tsx(166,17): error TS2322: Type 'Control<InsertProperty, any, TFieldValues>' is not assignable to type 'Control<InsertProperty, any, InsertProperty>'.
  The types of '_options.resolver' are incompatible between these types.
    Type 'Resolver<InsertProperty, any, TFieldValues> | undefined' is not assignable to type 'Resolver<InsertProperty, any, InsertProperty> | undefined'.
      Type 'Resolver<InsertProperty, any, TFieldValues>' is not assignable to type 'Resolver<InsertProperty, any, InsertProperty>'.
        Type 'TFieldValues' is not assignable to type 'InsertProperty'.
          Type 'FieldValues' is missing the following properties from type 'InsertProperty': title, description, type, price, and 6 more.
client/src/components/modals/add-property-modal.tsx(188,17): error TS2322: Type 'Control<InsertProperty, any, TFieldValues>' is not assignable to type 'Control<InsertProperty, any, InsertProperty>'.
  The types of '_options.resolver' are incompatible between these types.
    Type 'Resolver<InsertProperty, any, TFieldValues> | undefined' is not assignable to type 'Resolver<InsertProperty, any, InsertProperty> | undefined'.
      Type 'Resolver<InsertProperty, any, TFieldValues>' is not assignable to type 'Resolver<InsertProperty, any, InsertProperty>'.
        Type 'TFieldValues' is not assignable to type 'InsertProperty'.
          Type 'FieldValues' is missing the following properties from type 'InsertProperty': title, description, type, price, and 6 more.
client/src/components/modals/add-property-modal.tsx(207,17): error TS2322: Type 'Control<InsertProperty, any, TFieldValues>' is not assignable to type 'Control<InsertProperty, any, InsertProperty>'.
  The types of '_options.resolver' are incompatible between these types.
    Type 'Resolver<InsertProperty, any, TFieldValues> | undefined' is not assignable to type 'Resolver<InsertProperty, any, InsertProperty> | undefined'.
      Type 'Resolver<InsertProperty, any, TFieldValues>' is not assignable to type 'Resolver<InsertProperty, any, InsertProperty>'.
        Type 'TFieldValues' is not assignable to type 'InsertProperty'.
          Type 'FieldValues' is missing the following properties from type 'InsertProperty': title, description, type, price, and 6 more.
client/src/components/modals/add-property-modal.tsx(229,17): error TS2322: Type 'Control<InsertProperty, any, TFieldValues>' is not assignable to type 'Control<InsertProperty, any, InsertProperty>'.
  The types of '_options.resolver' are incompatible between these types.
    Type 'Resolver<InsertProperty, any, TFieldValues> | undefined' is not assignable to type 'Resolver<InsertProperty, any, InsertProperty> | undefined'.
      Type 'Resolver<InsertProperty, any, TFieldValues>' is not assignable to type 'Resolver<InsertProperty, any, InsertProperty>'.
        Type 'TFieldValues' is not assignable to type 'InsertProperty'.
          Type 'FieldValues' is missing the following properties from type 'InsertProperty': title, description, type, price, and 6 more.
client/src/components/modals/add-property-modal.tsx(230,17): error TS2322: Type '"zipCode"' is not assignable to type '"features" | "price" | "description" | "title" | "address" | "area" | "type" | "agentId" | "organizationId" | "city" | "bedrooms" | "bathrooms" | "status" | "latitude" | "longitude" | "state" | "images" | `features.${number}` | `images.${number}`'.
client/src/components/modals/add-property-modal.tsx(242,17): error TS2322: Type 'Control<InsertProperty, any, TFieldValues>' is not assignable to type 'Control<InsertProperty, any, InsertProperty>'.
  The types of '_options.resolver' are incompatible between these types.
    Type 'Resolver<InsertProperty, any, TFieldValues> | undefined' is not assignable to type 'Resolver<InsertProperty, any, InsertProperty> | undefined'.
      Type 'Resolver<InsertProperty, any, TFieldValues>' is not assignable to type 'Resolver<InsertProperty, any, InsertProperty>'.
        Type 'TFieldValues' is not assignable to type 'InsertProperty'.
          Type 'FieldValues' is missing the following properties from type 'InsertProperty': title, description, type, price, and 6 more.
client/src/components/modals/add-property-modal.tsx(255,17): error TS2322: Type 'Control<InsertProperty, any, TFieldValues>' is not assignable to type 'Control<InsertProperty, any, InsertProperty>'.
  The types of '_options.resolver' are incompatible between these types.
    Type 'Resolver<InsertProperty, any, TFieldValues> | undefined' is not assignable to type 'Resolver<InsertProperty, any, InsertProperty> | undefined'.
      Type 'Resolver<InsertProperty, any, TFieldValues>' is not assignable to type 'Resolver<InsertProperty, any, InsertProperty>'.
        Type 'TFieldValues' is not assignable to type 'InsertProperty'.
          Type 'FieldValues' is missing the following properties from type 'InsertProperty': title, description, type, price, and 6 more.
client/src/components/modals/add-property-modal.tsx(274,17): error TS2322: Type 'Control<InsertProperty, any, TFieldValues>' is not assignable to type 'Control<InsertProperty, any, InsertProperty>'.
  The types of '_options.resolver' are incompatible between these types.
    Type 'Resolver<InsertProperty, any, TFieldValues> | undefined' is not assignable to type 'Resolver<InsertProperty, any, InsertProperty> | undefined'.
      Type 'Resolver<InsertProperty, any, TFieldValues>' is not assignable to type 'Resolver<InsertProperty, any, InsertProperty>'.
        Type 'TFieldValues' is not assignable to type 'InsertProperty'.
          Type 'FieldValues' is missing the following properties from type 'InsertProperty': title, description, type, price, and 6 more.
client/src/components/modals/add-property-modal.tsx(293,17): error TS2322: Type 'Control<InsertProperty, any, TFieldValues>' is not assignable to type 'Control<InsertProperty, any, InsertProperty>'.
  The types of '_options.resolver' are incompatible between these types.
    Type 'Resolver<InsertProperty, any, TFieldValues> | undefined' is not assignable to type 'Resolver<InsertProperty, any, InsertProperty> | undefined'.
      Type 'Resolver<InsertProperty, any, TFieldValues>' is not assignable to type 'Resolver<InsertProperty, any, InsertProperty>'.
        Type 'TFieldValues' is not assignable to type 'InsertProperty'.
          Type 'FieldValues' is missing the following properties from type 'InsertProperty': title, description, type, price, and 6 more.
client/src/components/modals/add-property-modal.tsx(315,17): error TS2322: Type 'Control<InsertProperty, any, TFieldValues>' is not assignable to type 'Control<InsertProperty, any, InsertProperty>'.
  The types of '_options.resolver' are incompatible between these types.
    Type 'Resolver<InsertProperty, any, TFieldValues> | undefined' is not assignable to type 'Resolver<InsertProperty, any, InsertProperty> | undefined'.
      Type 'Resolver<InsertProperty, any, TFieldValues>' is not assignable to type 'Resolver<InsertProperty, any, InsertProperty>'.
        Type 'TFieldValues' is not assignable to type 'InsertProperty'.
          Type 'FieldValues' is missing the following properties from type 'InsertProperty': title, description, type, price, and 6 more.
client/src/components/modals/add-property-modal.tsx(316,17): error TS2322: Type '"squareFeet"' is not assignable to type '"features" | "price" | "description" | "title" | "address" | "area" | "type" | "agentId" | "organizationId" | "city" | "bedrooms" | "bathrooms" | "status" | "latitude" | "longitude" | "state" | "images" | `features.${number}` | `images.${number}`'.
client/src/components/modals/add-property-modal.tsx(334,17): error TS2322: Type 'Control<InsertProperty, any, TFieldValues>' is not assignable to type 'Control<InsertProperty, any, InsertProperty>'.
  The types of '_options.resolver' are incompatible between these types.
    Type 'Resolver<InsertProperty, any, TFieldValues> | undefined' is not assignable to type 'Resolver<InsertProperty, any, InsertProperty> | undefined'.
      Type 'Resolver<InsertProperty, any, TFieldValues>' is not assignable to type 'Resolver<InsertProperty, any, InsertProperty>'.
        Type 'TFieldValues' is not assignable to type 'InsertProperty'.
          Type 'FieldValues' is missing the following properties from type 'InsertProperty': title, description, type, price, and 6 more.
client/src/components/modals/add-property-modal.tsx(335,17): error TS2322: Type '"photoUrls"' is not assignable to type '"features" | "price" | "description" | "title" | "address" | "area" | "type" | "agentId" | "organizationId" | "city" | "bedrooms" | "bathrooms" | "status" | "latitude" | "longitude" | "state" | "images" | `features.${number}` | `images.${number}`'.
client/src/components/modals/add-property-modal.tsx(341,46): error TS2339: Property 'map' does not exist on type 'string | number | string[]'.
  Property 'map' does not exist on type 'string'.
client/src/components/modals/add-property-modal.tsx(347,53): error TS2461: Type 'string | number | string[]' is not an array type.
client/src/components/modals/add-property-modal.tsx(358,69): error TS2339: Property 'filter' does not exist on type 'string | number | string[]'.
  Property 'filter' does not exist on type 'string'.
client/src/components/modals/add-property-modal.tsx(367,55): error TS2339: Property 'length' does not exist on type 'string | number | string[]'.
  Property 'length' does not exist on type 'number'.
client/src/components/modals/add-property-modal.tsx(373,51): error TS2461: Type 'string | number | string[]' is not an array type.
client/src/components/modals/add-property-modal.tsx(378,69): error TS2339: Property 'length' does not exist on type 'string | number | string[]'.
  Property 'length' does not exist on type 'number'.
client/src/components/modals/send-whatsapp-modal.tsx(45,7): error TS2353: Object literal may only specify known properties, and 'status' does not exist in type 'AsyncDefaultValues<{ content: string; type: string; }> | { content?: string | undefined; type?: string | undefined; }'.
client/src/components/modals/send-whatsapp-modal.tsx(50,30): error TS2304: Cannot find name 'InsertMessage'.
client/src/components/modals/send-whatsapp-modal.tsx(78,27): error TS2304: Cannot find name 'InsertMessage'.
client/src/components/modals/send-whatsapp-modal.tsx(124,19): error TS2322: Type 'Control<{ content: string; type: string; }, any, TFieldValues>' is not assignable to type 'Control<{ content: string; type: string; }, any, { content: string; type: string; }>'.
  The types of '_options.resolver' are incompatible between these types.
    Type 'Resolver<{ content: string; type: string; }, any, TFieldValues> | undefined' is not assignable to type 'Resolver<{ content: string; type: string; }, any, { content: string; type: string; }> | undefined'.
      Type 'Resolver<{ content: string; type: string; }, any, TFieldValues>' is not assignable to type 'Resolver<{ content: string; type: string; }, any, { content: string; type: string; }>'.
        Type 'TFieldValues' is not assignable to type '{ content: string; type: string; }'.
          Type 'FieldValues' is missing the following properties from type '{ content: string; type: string; }': content, type
client/src/pages/auth-test.tsx(16,38): error TS18046: 'error' is of type 'unknown'.
client/src/pages/clients.tsx(29,5): error TS18047: 'lead.email' is possibly 'null'.
client/src/pages/clients.tsx(151,35): error TS2339: Property 'interestType' does not exist on type 'Lead'.
client/src/pages/clients.tsx(151,73): error TS2339: Property 'interestType' does not exist on type 'Lead'.
client/src/pages/clients.tsx(151,97): error TS2339: Property 'interestType' does not exist on type 'Lead'.
client/src/pages/clients.tsx(152,35): error TS2339: Property 'budgetRange' does not exist on type 'Lead'.
client/src/pages/clients.tsx(201,66): error TS2339: Property 'leadSource' does not exist on type 'Lead'.
client/src/pages/clients.tsx(205,66): error TS2339: Property 'interestType' does not exist on type 'Lead'.
client/src/pages/clients.tsx(209,66): error TS2339: Property 'budgetRange' does not exist on type 'Lead'.
client/src/pages/clients.tsx(264,59): error TS2339: Property 'activityType' does not exist on type 'Activity'.
client/src/pages/clients.tsx(270,47): error TS2339: Property 'activityType' does not exist on type 'Activity'.
client/src/pages/clients.tsx(272,45): error TS2551: Property 'completed' does not exist on type 'Activity'. Did you mean 'completedAt'?
client/src/pages/clients.tsx(282,45): error TS2551: Property 'scheduledDate' does not exist on type 'Activity'. Did you mean 'scheduledAt'?
client/src/pages/clients.tsx(284,65): error TS2551: Property 'scheduledDate' does not exist on type 'Activity'. Did you mean 'scheduledAt'?
client/src/pages/customers.tsx(70,9): error TS18047: 'lead.email' is possibly 'null'.
client/src/pages/customers.tsx(72,14): error TS2339: Property 'city' does not exist on type 'Lead'.
client/src/pages/customers.tsx(80,38): error TS2339: Property 'city' does not exist on type 'Lead'.
client/src/pages/customers.tsx(83,42): error TS2339: Property 'age' does not exist on type 'Lead'.
client/src/pages/customers.tsx(84,24): error TS2339: Property 'age' does not exist on type 'Lead'.
client/src/pages/customers.tsx(102,47): error TS2339: Property 'maritalStatus' does not exist on type 'Lead'.
client/src/pages/customers.tsx(105,46): error TS2339: Property 'interestType' does not exist on type 'Lead'.
client/src/pages/customers.tsx(109,25): error TS2339: Property 'numberOfDependents' does not exist on type 'Lead'.
client/src/pages/customers.tsx(127,67): error TS2339: Property 'city' does not exist on type 'Lead'.
client/src/pages/customers.tsx(129,76): error TS2339: Property 'maritalStatus' does not exist on type 'Lead'.
client/src/pages/customers.tsx(130,74): error TS2339: Property 'interestType' does not exist on type 'Lead'.
client/src/pages/customers.tsx(470,60): error TS2339: Property 'city' does not exist on type 'Lead'.
client/src/pages/customers.tsx(475,60): error TS2339: Property 'age' does not exist on type 'Lead'.
client/src/pages/customers.tsx(480,82): error TS2339: Property 'maritalStatus' does not exist on type 'Lead'.
client/src/pages/customers.tsx(485,60): error TS2339: Property 'numberOfDependents' does not exist on type 'Lead'.
client/src/pages/customers.tsx(490,81): error TS2339: Property 'interestType' does not exist on type 'Lead'.
client/src/pages/customers.tsx(495,78): error TS2339: Property 'budgetRange' does not exist on type 'Lead'.
client/src/pages/customers.tsx(627,37): error TS2339: Property 'city' does not exist on type 'Lead'.
client/src/pages/dashboard.tsx(196,87): error TS2339: Property 'city' does not exist on type 'Lead'.
client/src/pages/dashboard.tsx(197,75): error TS2339: Property 'age' does not exist on type 'Lead'.
client/src/pages/dashboard.tsx(197,89): error TS2339: Property 'age' does not exist on type 'Lead'.
client/src/pages/dashboard.tsx(281,45): error TS2551: Property 'completed' does not exist on type 'Activity'. Did you mean 'completedAt'?
client/src/pages/dashboard.tsx(285,75): error TS2551: Property 'completed' does not exist on type 'Activity'. Did you mean 'completedAt'?
client/src/pages/dashboard.tsx(289,39): error TS2551: Property 'scheduledDate' does not exist on type 'Activity'. Did you mean 'scheduledAt'?
client/src/pages/dashboard.tsx(289,73): error TS2551: Property 'scheduledDate' does not exist on type 'Activity'. Did you mean 'scheduledAt'?
client/src/pages/leads.tsx(184,14): error TS2339: Property 'leadSource' does not exist on type 'Lead'.
client/src/pages/leads.tsx(185,14): error TS2339: Property 'interestType' does not exist on type 'Lead'.
client/src/pages/leads.tsx(186,14): error TS2339: Property 'budgetRange' does not exist on type 'Lead'.
client/src/pages/leads.tsx(285,40): error TS2339: Property 'leadSource' does not exist on type 'Lead'.
client/src/pages/leads.tsx(286,40): error TS2339: Property 'interestType' does not exist on type 'Lead'.
client/src/pages/leads.tsx(286,75): error TS2339: Property 'interestType' does not exist on type 'Lead'.
client/src/pages/leads.tsx(286,99): error TS2339: Property 'interestType' does not exist on type 'Lead'.
client/src/pages/leads.tsx(287,40): error TS2339: Property 'budgetRange' does not exist on type 'Lead'.
client/src/pages/moderation.tsx(34,81): error TS2339: Property 'propertyType' does not exist on type 'Property'.
client/src/pages/notifications.tsx(63,5): error TS18047: 'lead.email' is possibly 'null'.
client/src/pages/notifications.tsx(207,47): error TS2339: Property 'interestType' does not exist on type 'Lead'.
client/src/pages/notifications.tsx(208,47): error TS2339: Property 'budgetRange' does not exist on type 'Lead'.
client/src/pages/pipeline.tsx(73,63): error TS2339: Property 'dealValue' does not exist on type 'Deal'.
client/src/pages/pipeline.tsx(73,91): error TS2339: Property 'dealValue' does not exist on type 'Deal'.
client/src/pages/pipeline.tsx(76,17): error TS2339: Property 'expectedCloseDate' does not exist on type 'Deal'.
client/src/pages/pipeline.tsx(77,34): error TS2339: Property 'expectedCloseDate' does not exist on type 'Deal'.
client/src/pages/pipeline.tsx(120,77): error TS2339: Property 'dealValue' does not exist on type 'Deal'.
client/src/pages/pipeline.tsx(120,105): error TS2339: Property 'dealValue' does not exist on type 'Deal'.
client/src/pages/pipeline.tsx(157,103): error TS2345: Argument of type 'string | null' is not assignable to parameter of type 'string'.
  Type 'null' is not assignable to type 'string'.
client/src/pages/pipeline.tsx(158,41): error TS2339: Property 'dealValue' does not exist on type 'Deal'.
client/src/pages/pipeline.tsx(160,60): error TS2339: Property 'dealValue' does not exist on type 'Deal'.
client/src/pages/pipeline.tsx(165,39): error TS2339: Property 'expectedCloseDate' does not exist on type 'Deal'.
client/src/pages/pipeline.tsx(167,61): error TS2339: Property 'expectedCloseDate' does not exist on type 'Deal'.
client/src/pages/pipeline.tsx(171,39): error TS2339: Property 'notes' does not exist on type 'Deal'.
client/src/pages/pipeline.tsx(172,92): error TS2339: Property 'notes' does not exist on type 'Deal'.
client/src/pages/properties.tsx(81,50): error TS2339: Property 'propertyType' does not exist on type 'Property'.
client/src/pages/properties.tsx(87,30): error TS2345: Argument of type 'number' is not assignable to parameter of type 'string'.
client/src/pages/properties.tsx(95,65): error TS2551: Property 'photoUrls' does not exist on type 'Property'. Did you mean 'photos'?
client/src/pages/properties.tsx(95,87): error TS2551: Property 'photoUrls' does not exist on type 'Property'. Did you mean 'photos'?
client/src/pages/properties.tsx(96,66): error TS2551: Property 'photoUrls' does not exist on type 'Property'. Did you mean 'photos'?
client/src/pages/properties.tsx(96,88): error TS2551: Property 'photoUrls' does not exist on type 'Property'. Did you mean 'photos'?
client/src/pages/properties.tsx(105,27): error TS2345: Argument of type 'number' is not assignable to parameter of type 'string'.
client/src/pages/properties.tsx(105,49): error TS2345: Argument of type 'number' is not assignable to parameter of type 'string'.
client/src/pages/properties.tsx(107,27): error TS2345: Argument of type 'number' is not assignable to parameter of type 'string'.
client/src/pages/properties.tsx(107,49): error TS2345: Argument of type 'number' is not assignable to parameter of type 'string'.
client/src/pages/properties.tsx(111,19): error TS2339: Property 'squareFeet' does not exist on type 'Property'.
client/src/pages/properties.tsx(111,41): error TS2339: Property 'squareFeet' does not exist on type 'Property'.
client/src/pages/properties.tsx(152,73): error TS2339: Property 'propertyType' does not exist on type 'Property'.
client/src/pages/properties.tsx(182,108): error TS2345: Argument of type 'number' is not assignable to parameter of type 'string'.
client/src/pages/properties.tsx(491,35): error TS2551: Property 'photoUrls' does not exist on type 'Property'. Did you mean 'photos'?
client/src/pages/properties.tsx(491,57): error TS2551: Property 'photoUrls' does not exist on type 'Property'. Did you mean 'photos'?
client/src/pages/properties.tsx(493,46): error TS2551: Property 'photoUrls' does not exist on type 'Property'. Did you mean 'photos'?
client/src/pages/properties.tsx(496,54): error TS2551: Property 'photoUrls' does not exist on type 'Property'. Did you mean 'photos'?
client/src/pages/properties.tsx(533,76): error TS2339: Property 'state' does not exist on type 'Property'.
client/src/pages/properties.tsx(566,53): error TS2345: Argument of type 'number' is not assignable to parameter of type 'string'.
client/src/pages/properties.tsx(681,41): error TS2551: Property 'photoUrls' does not exist on type 'Property'. Did you mean 'photos'?
client/src/pages/properties.tsx(681,63): error TS2551: Property 'photoUrls' does not exist on type 'Property'. Did you mean 'photos'?
client/src/pages/properties.tsx(683,49): error TS2551: Property 'photoUrls' does not exist on type 'Property'. Did you mean 'photos'?
client/src/pages/properties.tsx(702,51): error TS2339: Property 'propertyType' does not exist on type 'Property'.
client/src/pages/properties.tsx(708,85): error TS2339: Property 'state' does not exist on type 'Property'.
client/src/pages/properties.tsx(714,68): error TS2339: Property 'propertyType' does not exist on type 'Property'.
client/src/pages/properties.tsx(725,51): error TS2345: Argument of type 'number' is not assignable to parameter of type 'string'.
client/src/pages/property-detail.tsx(152,23): error TS2551: Property 'photoUrls' does not exist on type 'Property'. Did you mean 'photos'?
client/src/pages/property-detail.tsx(152,45): error TS2551: Property 'photoUrls' does not exist on type 'Property'. Did you mean 'photos'?
client/src/pages/property-detail.tsx(155,36): error TS2551: Property 'photoUrls' does not exist on type 'Property'. Did you mean 'photos'?
client/src/pages/property-detail.tsx(177,76): error TS2339: Property 'state' does not exist on type 'Property'.
client/src/pages/property-detail.tsx(229,41): error TS2339: Property 'propertyType' does not exist on type 'Property'.
client/src/pages/property-detail.tsx(262,66): error TS2339: Property 'state' does not exist on type 'Property'.
client/src/pages/property-detail.tsx(266,33): error TS2345: Argument of type 'number' is not assignable to parameter of type 'string'.
client/src/pages/property-detail.tsx(266,77): error TS2345: Argument of type 'number' is not assignable to parameter of type 'string'.
client/src/pages/reports.tsx(353,48): error TS2345: Argument of type 'string | 0' is not assignable to parameter of type 'string'.
  Type 'number' is not assignable to type 'string'.
client/src/pages/reports.tsx(777,84): error TS2345: Argument of type 'string | 0' is not assignable to parameter of type 'string'.
  Type 'number' is not assignable to type 'string'.
server/accountService.ts(30,33): error TS2304: Cannot find name 'InsertUser'.
server/accountService.ts(65,29): error TS2304: Cannot find name 'db'.
server/accountService.ts(65,39): error TS2304: Cannot find name 'users'.
server/accountService.ts(73,24): error TS2304: Cannot find name 'db'.
server/accountService.ts(73,41): error TS2304: Cannot find name 'users'.
server/accountService.ts(73,54): error TS2304: Cannot find name 'eq'.
server/accountService.ts(73,57): error TS2304: Cannot find name 'users'.
server/accountService.ts(91,34): error TS2304: Cannot find name 'db'.
server/accountService.ts(92,24): error TS2304: Cannot find name 'count'.
server/accountService.ts(93,13): error TS2304: Cannot find name 'properties'.
server/accountService.ts(95,9): error TS2304: Cannot find name 'and'.
server/accountService.ts(96,11): error TS2304: Cannot find name 'eq'.
server/accountService.ts(96,14): error TS2304: Cannot find name 'properties'.
server/accountService.ts(97,11): error TS2304: Cannot find name 'eq'.
server/accountService.ts(97,14): error TS2304: Cannot find name 'properties'.
server/accountService.ts(130,24): error TS2304: Cannot find name 'db'.
server/accountService.ts(130,41): error TS2304: Cannot find name 'users'.
server/accountService.ts(130,54): error TS2304: Cannot find name 'eq'.
server/accountService.ts(130,57): error TS2304: Cannot find name 'users'.
server/accountService.ts(148,34): error TS2304: Cannot find name 'db'.
server/accountService.ts(149,24): error TS2304: Cannot find name 'count'.
server/accountService.ts(150,13): error TS2304: Cannot find name 'leads'.
server/accountService.ts(151,14): error TS2304: Cannot find name 'eq'.
server/accountService.ts(151,17): error TS2304: Cannot find name 'leads'.
server/accountService.ts(182,24): error TS2304: Cannot find name 'db'.
server/accountService.ts(182,41): error TS2304: Cannot find name 'users'.
server/accountService.ts(182,54): error TS2304: Cannot find name 'eq'.
server/accountService.ts(182,57): error TS2304: Cannot find name 'users'.
server/accountService.ts(190,35): error TS2304: Cannot find name 'db'.
server/accountService.ts(191,24): error TS2304: Cannot find name 'count'.
server/accountService.ts(192,13): error TS2304: Cannot find name 'properties'.
server/accountService.ts(194,9): error TS2304: Cannot find name 'and'.
server/accountService.ts(195,11): error TS2304: Cannot find name 'eq'.
server/accountService.ts(195,14): error TS2304: Cannot find name 'properties'.
server/accountService.ts(196,11): error TS2304: Cannot find name 'eq'.
server/accountService.ts(196,14): error TS2304: Cannot find name 'properties'.
server/accountService.ts(200,36): error TS2304: Cannot find name 'db'.
server/accountService.ts(201,24): error TS2304: Cannot find name 'count'.
server/accountService.ts(202,13): error TS2304: Cannot find name 'leads'.
server/accountService.ts(203,14): error TS2304: Cannot find name 'eq'.
server/accountService.ts(203,17): error TS2304: Cannot find name 'leads'.
server/accountService.ts(205,36): error TS2304: Cannot find name 'db'.
server/accountService.ts(206,24): error TS2304: Cannot find name 'count'.
server/accountService.ts(207,13): error TS2304: Cannot find name 'propertyInquiries'.
server/accountService.ts(208,14): error TS2304: Cannot find name 'eq'.
server/accountService.ts(208,17): error TS2304: Cannot find name 'propertyInquiries'.
server/accountService.ts(240,68): error TS2304: Cannot find name 'InsertUser'.
server/accountService.ts(241,32): error TS2304: Cannot find name 'db'.
server/accountService.ts(241,49): error TS2304: Cannot find name 'users'.
server/accountService.ts(241,62): error TS2304: Cannot find name 'eq'.
server/accountService.ts(241,65): error TS2304: Cannot find name 'users'.
server/accountService.ts(268,33): error TS2304: Cannot find name 'db'.
server/accountService.ts(268,43): error TS2304: Cannot find name 'users'.
server/accountService.ts(271,11): error TS2304: Cannot find name 'db'.
server/accountService.ts(272,15): error TS2304: Cannot find name 'users'.
server/accountService.ts(274,27): error TS2304: Cannot find name 'sql'.
server/accountService.ts(274,33): error TS2304: Cannot find name 'users'.
server/accountService.ts(277,14): error TS2304: Cannot find name 'eq'.
server/accountService.ts(277,17): error TS2304: Cannot find name 'users'.
server/accountService.ts(286,32): error TS2304: Cannot find name 'db'.
server/accountService.ts(286,49): error TS2304: Cannot find name 'users'.
server/accountService.ts(286,62): error TS2304: Cannot find name 'eq'.
server/accountService.ts(286,65): error TS2304: Cannot find name 'users'.
server/accountService.ts(291,18): error TS2304: Cannot find name 'db'.
server/accountService.ts(293,13): error TS2304: Cannot find name 'users'.
server/accountService.ts(295,9): error TS2304: Cannot find name 'and'.
server/accountService.ts(296,11): error TS2304: Cannot find name 'eq'.
server/accountService.ts(296,14): error TS2304: Cannot find name 'users'.
server/accountService.ts(297,11): error TS2304: Cannot find name 'eq'.
server/accountService.ts(297,14): error TS2304: Cannot find name 'users'.
server/accountService.ts(312,16): error TS2304: Cannot find name 'db'.
server/accountService.ts(314,13): error TS2304: Cannot find name 'properties'.
server/accountService.ts(315,16): error TS2304: Cannot find name 'properties'.
server/accountService.ts(316,22): error TS2304: Cannot find name 'properties'.
server/accountService.ts(317,18): error TS2304: Cannot find name 'properties'.
server/accountService.ts(318,15): error TS2304: Cannot find name 'properties'.
server/accountService.ts(319,16): error TS2304: Cannot find name 'properties'.
server/accountService.ts(320,23): error TS2304: Cannot find name 'properties'.
server/accountService.ts(321,19): error TS2304: Cannot find name 'properties'.
server/accountService.ts(322,20): error TS2304: Cannot find name 'properties'.
server/accountService.ts(323,21): error TS2304: Cannot find name 'properties'.
server/accountService.ts(324,20): error TS2304: Cannot find name 'properties'.
server/accountService.ts(325,19): error TS2304: Cannot find name 'properties'.
server/accountService.ts(326,21): error TS2304: Cannot find name 'properties'.
server/accountService.ts(327,20): error TS2304: Cannot find name 'properties'.
server/accountService.ts(328,20): error TS2304: Cannot find name 'properties'.
server/accountService.ts(330,21): error TS2304: Cannot find name 'sql'.
server/accountService.ts(330,35): error TS2304: Cannot find name 'users'.
server/accountService.ts(330,64): error TS2304: Cannot find name 'users'.
server/accountService.ts(331,22): error TS2304: Cannot find name 'users'.
server/accountService.ts(332,22): error TS2304: Cannot find name 'users'.
server/accountService.ts(333,22): error TS2304: Cannot find name 'users'.
server/accountService.ts(335,13): error TS2304: Cannot find name 'properties'.
server/accountService.ts(336,17): error TS2304: Cannot find name 'users'.
server/accountService.ts(336,24): error TS2304: Cannot find name 'eq'.
server/accountService.ts(336,27): error TS2304: Cannot find name 'properties'.
server/accountService.ts(336,47): error TS2304: Cannot find name 'users'.
server/accountService.ts(340,7): error TS2304: Cannot find name 'and'.
server/accountService.ts(340,11): error TS2304: Cannot find name 'eq'.
server/accountService.ts(340,14): error TS2304: Cannot find name 'properties'.
server/accountService.ts(340,44): error TS2304: Cannot find name 'eq'.
server/accountService.ts(340,47): error TS2304: Cannot find name 'properties'.
server/accountService.ts(345,18): error TS2304: Cannot find name 'eq'.
server/accountService.ts(345,21): error TS2304: Cannot find name 'properties'.
server/accountService.ts(348,18): error TS2304: Cannot find name 'eq'.
server/accountService.ts(348,21): error TS2304: Cannot find name 'properties'.
server/accountService.ts(351,18): error TS2304: Cannot find name 'sql'.
server/accountService.ts(351,24): error TS2304: Cannot find name 'properties'.
server/accountService.ts(354,18): error TS2304: Cannot find name 'sql'.
server/accountService.ts(354,24): error TS2304: Cannot find name 'properties'.
server/accountService.ts(357,18): error TS2304: Cannot find name 'eq'.
server/accountService.ts(357,21): error TS2304: Cannot find name 'properties'.
server/accountService.ts(360,30): error TS2304: Cannot find name 'and'.
server/accountService.ts(361,32): error TS2304: Cannot find name 'sql'.
server/accountService.ts(361,38): error TS2304: Cannot find name 'properties'.
server/accountService.ts(361,69): error TS2304: Cannot find name 'properties'.
server/accountService.ts(377,29): error TS2304: Cannot find name 'db'.
server/accountService.ts(377,39): error TS2304: Cannot find name 'propertyInquiries'.
server/accountService.ts(383,11): error TS2304: Cannot find name 'db'.
server/accountService.ts(384,15): error TS2304: Cannot find name 'properties'.
server/accountService.ts(386,23): error TS2304: Cannot find name 'sql'.
server/accountService.ts(386,29): error TS2304: Cannot find name 'properties'.
server/accountService.ts(389,14): error TS2304: Cannot find name 'eq'.
server/accountService.ts(389,17): error TS2304: Cannot find name 'properties'.
server/accountService.ts(392,28): error TS2304: Cannot find name 'db'.
server/accountService.ts(392,45): error TS2304: Cannot find name 'properties'.
server/accountService.ts(392,63): error TS2304: Cannot find name 'eq'.
server/accountService.ts(392,66): error TS2304: Cannot find name 'properties'.
server/accountService.ts(399,15): error TS2304: Cannot find name 'db'.
server/accountService.ts(399,25): error TS2304: Cannot find name 'leads'.
server/auth.ts(90,7): error TS2322: Type 'string | null' is not assignable to type 'string'.
  Type 'null' is not assignable to type 'string'.
server/auth.ts(131,9): error TS2322: Type 'string | null' is not assignable to type 'string'.
  Type 'null' is not assignable to type 'string'.
server/auth.ts(204,7): error TS2322: Type 'string | null' is not assignable to type 'string'.
  Type 'null' is not assignable to type 'string'.
server/auth.ts(258,7): error TS2322: Type '{ email: string; passwordHash: string; firstName: string; lastName: string; phone: string | undefined; roles: string; organizationId: string | undefined; }' is not assignable to type '(Without<UserCreateInput, UserUncheckedCreateInput> & UserUncheckedCreateInput) | (Without<...> & UserCreateInput)'.
  Type '{ email: string; passwordHash: string; firstName: string; lastName: string; phone: string | undefined; roles: string; organizationId: string | undefined; }' is not assignable to type 'Without<UserUncheckedCreateInput, UserCreateInput> & UserCreateInput'.
    Type '{ email: string; passwordHash: string; firstName: string; lastName: string; phone: string | undefined; roles: string; organizationId: string | undefined; }' is not assignable to type 'Without<UserUncheckedCreateInput, UserCreateInput>'.
      Types of property 'organizationId' are incompatible.
        Type 'string | undefined' is not assignable to type 'undefined'.
          Type 'string' is not assignable to type 'undefined'.
server/auth.ts(275,7): error TS2322: Type 'string | null' is not assignable to type 'string'.
  Type 'null' is not assignable to type 'string'.
server/auth.ts(331,7): error TS2322: Type 'string | null' is not assignable to type 'string'.
  Type 'null' is not assignable to type 'string'.
server/authMiddleware.ts(64,18): error TS2430: Interface 'AuthenticatedRequest' incorrectly extends interface 'Request<ParamsDictionary, any, any, ParsedQs, Record<string, any>>'.
  Types of property 'user' are incompatible.
    Property 'roles' is missing in type 'AuthenticatedUser' but required in type '{ id: string; email: string; roles: string; organizationId?: string | undefined; }'.
server/authMiddleware.ts(110,6): error TS2352: Conversion of type 'Request<ParamsDictionary, any, any, ParsedQs, Record<string, any>>' to type 'AuthenticatedRequest' may be a mistake because neither type sufficiently overlaps with the other. If this was intentional, convert the expression to 'unknown' first.
  Types of property 'user' are incompatible.
    Type '{ id: string; email: string; roles: string; organizationId?: string | undefined; } | undefined' is not comparable to type 'AuthenticatedUser'.
      Type '{ id: string; email: string; roles: string; organizationId?: string | undefined; }' is missing the following properties from type 'AuthenticatedUser': firstName, lastName, userLevel, tenantId
server/authMiddleware.ts(133,19): error TS2352: Conversion of type 'Request<ParamsDictionary, any, any, ParsedQs, Record<string, any>>' to type 'AuthenticatedRequest' may be a mistake because neither type sufficiently overlaps with the other. If this was intentional, convert the expression to 'unknown' first.
  Types of property 'user' are incompatible.
    Type '{ id: string; email: string; roles: string; organizationId?: string | undefined; } | undefined' is not comparable to type 'AuthenticatedUser'.
      Type '{ id: string; email: string; roles: string; organizationId?: string | undefined; }' is missing the following properties from type 'AuthenticatedUser': firstName, lastName, userLevel, tenantId
server/authMiddleware.ts(151,17): error TS2352: Conversion of type 'Request<ParamsDictionary, any, any, ParsedQs, Record<string, any>>' to type 'AuthenticatedRequest' may be a mistake because neither type sufficiently overlaps with the other. If this was intentional, convert the expression to 'unknown' first.
  Types of property 'user' are incompatible.
    Type '{ id: string; email: string; roles: string; organizationId?: string | undefined; } | undefined' is not comparable to type 'AuthenticatedUser'.
      Type '{ id: string; email: string; roles: string; organizationId?: string | undefined; }' is missing the following properties from type 'AuthenticatedUser': firstName, lastName, userLevel, tenantId
server/authMiddleware.ts(177,4): error TS2352: Conversion of type 'Request<ParamsDictionary, any, any, ParsedQs, Record<string, any>>' to type 'AuthenticatedRequest' may be a mistake because neither type sufficiently overlaps with the other. If this was intentional, convert the expression to 'unknown' first.
  Types of property 'user' are incompatible.
    Type '{ id: string; email: string; roles: string; organizationId?: string | undefined; } | undefined' is not comparable to type 'AuthenticatedUser'.
      Type '{ id: string; email: string; roles: string; organizationId?: string | undefined; }' is missing the following properties from type 'AuthenticatedUser': firstName, lastName, userLevel, tenantId
server/authMiddleware.ts(187,19): error TS2352: Conversion of type 'Request<ParamsDictionary, any, any, ParsedQs, Record<string, any>>' to type 'AuthenticatedRequest' may be a mistake because neither type sufficiently overlaps with the other. If this was intentional, convert the expression to 'unknown' first.
  Types of property 'user' are incompatible.
    Type '{ id: string; email: string; roles: string; organizationId?: string | undefined; } | undefined' is not comparable to type 'AuthenticatedUser'.
      Type '{ id: string; email: string; roles: string; organizationId?: string | undefined; }' is missing the following properties from type 'AuthenticatedUser': firstName, lastName, userLevel, tenantId
server/createAdmin1AndPopulate.ts(204,28): error TS2304: Cannot find name 'db'.
server/createAdmin1AndPopulate.ts(204,45): error TS2304: Cannot find name 'users'.
server/createAdmin1AndPopulate.ts(204,58): error TS2304: Cannot find name 'eq'.
server/createAdmin1AndPopulate.ts(204,61): error TS2304: Cannot find name 'users'.
server/createAdmin1AndPopulate.ts(209,31): error TS2304: Cannot find name 'db'.
server/createAdmin1AndPopulate.ts(209,41): error TS2304: Cannot find name 'users'.
server/createAdmin1AndPopulate.ts(317,28): error TS2304: Cannot find name 'db'.
server/createAdmin1AndPopulate.ts(317,38): error TS2304: Cannot find name 'leads'.
server/createAdmin1AndPopulate.ts(370,32): error TS2304: Cannot find name 'db'.
server/createAdmin1AndPopulate.ts(370,42): error TS2304: Cannot find name 'properties'.
server/createAdmin1AndPopulate.ts(396,13): error TS2304: Cannot find name 'db'.
server/createAdmin1AndPopulate.ts(396,23): error TS2304: Cannot find name 'deals'.
server/createAdmin1AndPopulate.ts(414,13): error TS2304: Cannot find name 'db'.
server/createAdmin1AndPopulate.ts(414,23): error TS2304: Cannot find name 'activities'.
server/createAdmin1AndPopulate.ts(431,13): error TS2304: Cannot find name 'db'.
server/createAdmin1AndPopulate.ts(431,23): error TS2304: Cannot find name 'messages'.
server/import-geo-data.ts(74,9): error TS2322: Type '{} | null' is not assignable to type 'NullableJsonNullValueInput | InputJsonValue | undefined'.
  Type 'null' is not assignable to type 'NullableJsonNullValueInput | InputJsonValue | undefined'.
server/import-geo-data.ts(84,9): error TS2322: Type '{} | null' is not assignable to type 'NullableJsonNullValueInput | InputJsonValue | undefined'.
  Type 'null' is not assignable to type 'NullableJsonNullValueInput | InputJsonValue | undefined'.
server/import-geo-data.ts(123,9): error TS2322: Type '{} | null' is not assignable to type 'NullableJsonNullValueInput | InputJsonValue | undefined'.
  Type 'null' is not assignable to type 'NullableJsonNullValueInput | InputJsonValue | undefined'.
server/import-geo-data.ts(131,9): error TS2322: Type '{} | null' is not assignable to type 'NullableJsonNullValueInput | InputJsonValue | undefined'.
  Type 'null' is not assignable to type 'NullableJsonNullValueInput | InputJsonValue | undefined'.
server/populateAdmin1Data.ts(204,30): error TS2304: Cannot find name 'db'.
server/populateAdmin1Data.ts(204,47): error TS2304: Cannot find name 'users'.
server/populateAdmin1Data.ts(204,60): error TS2304: Cannot find name 'eq'.
server/populateAdmin1Data.ts(204,63): error TS2304: Cannot find name 'users'.
server/populateAdmin1Data.ts(299,28): error TS2304: Cannot find name 'db'.
server/populateAdmin1Data.ts(299,38): error TS2304: Cannot find name 'leads'.
server/populateAdmin1Data.ts(352,32): error TS2304: Cannot find name 'db'.
server/populateAdmin1Data.ts(352,42): error TS2304: Cannot find name 'properties'.
server/populateAdmin1Data.ts(378,13): error TS2304: Cannot find name 'db'.
server/populateAdmin1Data.ts(378,23): error TS2304: Cannot find name 'deals'.
server/populateAdmin1Data.ts(396,13): error TS2304: Cannot find name 'db'.
server/populateAdmin1Data.ts(396,23): error TS2304: Cannot find name 'activities'.
server/populateAdmin1Data.ts(413,13): error TS2304: Cannot find name 'db'.
server/populateAdmin1Data.ts(413,23): error TS2304: Cannot find name 'messages'.
server/rbac.ts(143,18): error TS2345: Argument of type 'string' is not assignable to parameter of type 'UserRole[]'.
server/rbac.ts(195,24): error TS2345: Argument of type 'string' is not assignable to parameter of type 'UserRole[]'.
server/rbac.ts(216,24): error TS2345: Argument of type 'string' is not assignable to parameter of type 'UserRole[]'.
server/routes.ts(417,21): error TS2304: Cannot find name 'csvContent'.
server/routes.ts(417,51): error TS7006: Parameter 'line' implicitly has an 'any' type.
server/routes.ts(423,47): error TS7006: Parameter 'h' implicitly has an 'any' type.
server/routes.ts(436,54): error TS7006: Parameter 'v' implicitly has an 'any' type.
server/routes.ts(440,28): error TS7006: Parameter 'header' implicitly has an 'any' type.
server/routes.ts(440,36): error TS7006: Parameter 'index' implicitly has an 'any' type.
server/routes.ts(477,33): error TS2304: Cannot find name 'insertLeadSchema'.
server/routes.ts(480,25): error TS2554: Expected 3 arguments, but got 1.
server/routes.ts(485,75): error TS18046: 'error' is of type 'unknown'.
server/routes.ts(498,28): error TS2304: Cannot find name 'ObjectNotFoundError'.
server/routes.ts(569,29): error TS2304: Cannot find name 'insertLeadSchema'.
server/routes.ts(570,34): error TS2554: Expected 3 arguments, but got 1.
server/routes.ts(582,29): error TS2304: Cannot find name 'insertLeadSchema'.
server/routes.ts(674,29): error TS2304: Cannot find name 'insertPropertySchema'.
server/routes.ts(675,38): error TS2554: Expected 3 arguments, but got 1.
server/routes.ts(687,29): error TS2304: Cannot find name 'insertPropertySchema'.
server/routes.ts(734,29): error TS2304: Cannot find name 'insertDealSchema'.
server/routes.ts(735,34): error TS2554: Expected 2 arguments, but got 1.
server/routes.ts(747,29): error TS2304: Cannot find name 'insertDealSchema'.
server/routes.ts(782,29): error TS2304: Cannot find name 'insertActivitySchema'.
server/routes.ts(783,38): error TS2554: Expected 2 arguments, but got 1.
server/routes.ts(850,27): error TS2304: Cannot find name 'insertMessageSchema'.
server/routes.ts(851,37): error TS2554: Expected 2 arguments, but got 1.
server/routes/accounts.ts(27,27): error TS2304: Cannot find name 'accountService'.
server/routes/accounts.ts(48,25): error TS2304: Cannot find name 'accountService'.
server/routes/accounts.ts(62,26): error TS2304: Cannot find name 'accountService'.
server/routes/accounts.ts(76,26): error TS2304: Cannot find name 'accountService'.
server/routes/accounts.ts(92,31): error TS2304: Cannot find name 'accountService'.
server/routes/accounts.ts(100,35): error TS18046: 'error' is of type 'unknown'.
server/routes/accounts.ts(110,29): error TS2304: Cannot find name 'accountService'.
server/routes/accounts.ts(114,35): error TS18046: 'error' is of type 'unknown'.
server/routes/accounts.ts(131,30): error TS2304: Cannot find name 'accountService'.
server/routes/accounts.ts(146,28): error TS2304: Cannot find name 'db'.
server/routes/accounts.ts(148,13): error TS2304: Cannot find name 'properties'.
server/routes/accounts.ts(149,16): error TS2304: Cannot find name 'properties'.
server/routes/accounts.ts(150,22): error TS2304: Cannot find name 'properties'.
server/routes/accounts.ts(151,18): error TS2304: Cannot find name 'properties'.
server/routes/accounts.ts(152,15): error TS2304: Cannot find name 'properties'.
server/routes/accounts.ts(153,16): error TS2304: Cannot find name 'properties'.
server/routes/accounts.ts(154,18): error TS2304: Cannot find name 'properties'.
server/routes/accounts.ts(155,19): error TS2304: Cannot find name 'properties'.
server/routes/accounts.ts(156,20): error TS2304: Cannot find name 'properties'.
server/routes/accounts.ts(157,16): error TS2304: Cannot find name 'properties'.
server/routes/accounts.ts(158,27): error TS2304: Cannot find name 'properties'.
server/routes/accounts.ts(159,23): error TS2304: Cannot find name 'properties'.
server/routes/accounts.ts(160,19): error TS2304: Cannot find name 'properties'.
server/routes/accounts.ts(161,20): error TS2304: Cannot find name 'properties'.
server/routes/accounts.ts(162,21): error TS2304: Cannot find name 'properties'.
server/routes/accounts.ts(163,22): error TS2304: Cannot find name 'properties'.
server/routes/accounts.ts(164,24): error TS2304: Cannot find name 'properties'.
server/routes/accounts.ts(165,20): error TS2304: Cannot find name 'properties'.
server/routes/accounts.ts(166,25): error TS2304: Cannot find name 'properties'.
server/routes/accounts.ts(167,19): error TS2304: Cannot find name 'properties'.
server/routes/accounts.ts(168,21): error TS2304: Cannot find name 'properties'.
server/routes/accounts.ts(169,20): error TS2304: Cannot find name 'properties'.
server/routes/accounts.ts(170,20): error TS2304: Cannot find name 'properties'.
server/routes/accounts.ts(172,19): error TS2304: Cannot find name 'users'.
server/routes/accounts.ts(173,21): error TS2304: Cannot find name 'users'.
server/routes/accounts.ts(174,25): error TS2304: Cannot find name 'users'.
server/routes/accounts.ts(175,22): error TS2304: Cannot find name 'users'.
server/routes/accounts.ts(176,22): error TS2304: Cannot find name 'users'.
server/routes/accounts.ts(177,22): error TS2304: Cannot find name 'users'.
server/routes/accounts.ts(178,22): error TS2304: Cannot find name 'users'.
server/routes/accounts.ts(180,13): error TS2304: Cannot find name 'properties'.
server/routes/accounts.ts(181,17): error TS2304: Cannot find name 'users'.
server/routes/accounts.ts(181,24): error TS2304: Cannot find name 'eq'.
server/routes/accounts.ts(181,27): error TS2304: Cannot find name 'properties'.
server/routes/accounts.ts(181,47): error TS2304: Cannot find name 'users'.
server/routes/accounts.ts(183,9): error TS2304: Cannot find name 'and'.
server/routes/accounts.ts(184,11): error TS2304: Cannot find name 'eq'.
server/routes/accounts.ts(184,14): error TS2304: Cannot find name 'properties'.
server/routes/accounts.ts(185,11): error TS2304: Cannot find name 'eq'.
server/routes/accounts.ts(185,14): error TS2304: Cannot find name 'properties'.
server/routes/accounts.ts(186,11): error TS2304: Cannot find name 'eq'.
server/routes/accounts.ts(186,14): error TS2304: Cannot find name 'properties'.
server/routes/accounts.ts(196,11): error TS2304: Cannot find name 'db'.
server/routes/accounts.ts(197,15): error TS2304: Cannot find name 'properties'.
server/routes/accounts.ts(199,14): error TS2304: Cannot find name 'eq'.
server/routes/accounts.ts(199,17): error TS2304: Cannot find name 'properties'.
server/routes/accounts.ts(219,27): error TS2304: Cannot find name 'accountService'.
server/routes/accounts.ts(239,18): error TS2304: Cannot find name 'db'.
server/routes/accounts.ts(241,13): error TS2304: Cannot find name 'propertyInquiries'.
server/routes/accounts.ts(242,24): error TS2304: Cannot find name 'properties'.
server/routes/accounts.ts(243,23): error TS2304: Cannot find name 'propertyInquiries'.
server/routes/accounts.ts(244,24): error TS2304: Cannot find name 'propertyInquiries'.
server/routes/accounts.ts(245,24): error TS2304: Cannot find name 'propertyInquiries'.
server/routes/accounts.ts(246,22): error TS2304: Cannot find name 'propertyInquiries'.
server/routes/accounts.ts(247,18): error TS2304: Cannot find name 'propertyInquiries'.
server/routes/accounts.ts(248,17): error TS2304: Cannot find name 'propertyInquiries'.
server/routes/accounts.ts(249,33): error TS2304: Cannot find name 'propertyInquiries'.
server/routes/accounts.ts(250,20): error TS2304: Cannot find name 'propertyInquiries'.
server/routes/accounts.ts(251,21): error TS2304: Cannot find name 'properties'.
server/routes/accounts.ts(253,13): error TS2304: Cannot find name 'propertyInquiries'.
server/routes/accounts.ts(254,17): error TS2304: Cannot find name 'properties'.
server/routes/accounts.ts(254,29): error TS2304: Cannot find name 'eq'.
server/routes/accounts.ts(254,32): error TS2304: Cannot find name 'propertyInquiries'.
server/routes/accounts.ts(254,62): error TS2304: Cannot find name 'properties'.
server/routes/accounts.ts(257,27): error TS2304: Cannot find name 'eq'.
server/routes/accounts.ts(257,30): error TS2304: Cannot find name 'properties'.
server/routes/accounts.ts(260,18): error TS2304: Cannot find name 'eq'.
server/routes/accounts.ts(260,21): error TS2304: Cannot find name 'propertyInquiries'.
server/routes/accounts.ts(263,40): error TS2304: Cannot find name 'and'.
server/routes/accounts.ts(263,63): error TS2304: Cannot find name 'desc'.
server/routes/accounts.ts(263,68): error TS2304: Cannot find name 'propertyInquiries'.
server/routes/accounts.ts(290,11): error TS2304: Cannot find name 'db'.
server/routes/accounts.ts(291,15): error TS2304: Cannot find name 'propertyInquiries'.
server/routes/accounts.ts(293,14): error TS2304: Cannot find name 'eq'.
server/routes/accounts.ts(293,17): error TS2304: Cannot find name 'propertyInquiries'.
server/routes/agencies.ts(8,36): error TS2339: Property 'listAgencies' does not exist on type 'PrismaStorage'.
server/routes/agencies.ts(12,38): error TS2339: Property 'listAgencyAgents' does not exist on type 'PrismaStorage'.
server/routes/agencies.ts(13,40): error TS2339: Property 'getAgencyListings' does not exist on type 'PrismaStorage'.
server/routes/agencies.ts(32,34): error TS2339: Property 'getAgency' does not exist on type 'PrismaStorage'.
server/routes/agencies.ts(34,34): error TS2339: Property 'listAgencyAgents' does not exist on type 'PrismaStorage'.
server/routes/agencies.ts(35,36): error TS2339: Property 'getAgencyListings' does not exist on type 'PrismaStorage'.
server/routes/buyer-pool.ts(55,18): error TS2345: Argument of type 'string' is not assignable to parameter of type 'UserRole[]'.
server/routes/buyer-pool.ts(167,31): error TS2345: Argument of type 'string' is not assignable to parameter of type 'UserRole[]'.
server/routes/buyer-pool.ts(263,9): error TS2322: Type '{ claimId: string; leadId: string; }' is not assignable to type 'string'.
server/routes/buyer-pool.ts(313,26): error TS2345: Argument of type 'string' is not assignable to parameter of type 'UserRole[]'.
server/routes/buyer-pool.ts(339,9): error TS2322: Type '{ status: "ACTIVE"; }' is not assignable to type 'string'.
server/routes/buyer-pool.ts(340,9): error TS2322: Type '{ status: "RELEASED"; }' is not assignable to type 'string'.
server/routes/buyer-pool.ts(364,18): error TS2345: Argument of type 'string' is not assignable to parameter of type 'UserRole[]'.
server/routes/cms.ts(76,65): error TS2339: Property 'WEBSITE_ADMIN' does not exist on type 'typeof UserLevel'.
server/routes/cms.ts(140,67): error TS2339: Property 'WEBSITE_ADMIN' does not exist on type 'typeof UserLevel'.
server/routes/cms.ts(169,70): error TS2339: Property 'WEBSITE_ADMIN' does not exist on type 'typeof UserLevel'.
server/routes/cms.ts(222,73): error TS2339: Property 'WEBSITE_ADMIN' does not exist on type 'typeof UserLevel'.
server/routes/rbac-admin.ts(77,44): error TS2353: Object literal may only specify known properties, and 'isActive' does not exist in type 'OrganizationWhereInput'.
server/routes/rbac-admin.ts(486,9): error TS2353: Object literal may only specify known properties, and 'licenseNumber' does not exist in type '(Without<OrganizationCreateInput, OrganizationUncheckedCreateInput> & OrganizationUncheckedCreateInput) | (Without<...> & OrganizationCreateInput)'.
server/routes/reports.ts(33,33): error TS2339: Property 'listReports' does not exist on type 'PrismaStorage'.
server/routes/reports.ts(44,35): error TS2339: Property 'resolveReport' does not exist on type 'PrismaStorage'.
server/routes/search.ts(55,63): error TS2554: Expected 1 arguments, but got 2.
server/seed-saudi-regions.ts(78,35): error TS2304: Cannot find name 'db'.
server/seed-saudi-regions.ts(78,52): error TS2304: Cannot find name 'saudiRegions'.
server/seed-saudi-regions.ts(86,35): error TS2304: Cannot find name 'db'.
server/seed-saudi-regions.ts(86,45): error TS2304: Cannot find name 'saudiRegions'.
server/seed-saudi-regions.ts(94,30): error TS7006: Parameter 'region' implicitly has an 'any' type.
server/seed-saudi-regions.ts(94,38): error TS7006: Parameter 'index' implicitly has an 'any' type.
server/seedData.ts(309,34): error TS2554: Expected 3 arguments, but got 1.
server/seedData.ts(316,38): error TS2554: Expected 3 arguments, but got 1.
server/seedData.ts(326,21): error TS2554: Expected 2 arguments, but got 1.
server/seedData.ts(370,21): error TS2554: Expected 2 arguments, but got 1.
server/seedData.ts(399,21): error TS2554: Expected 2 arguments, but got 1.
server/spatial-queries.ts(37,5): error TS2322: Type '{ price?: { gte: number; } | { lte: number; } | undefined; status?: string | undefined; type?: string | undefined; latitude: { not: null; }; longitude: { not: null; }; }' is not assignable to type 'PropertyWhereInput'.
  Types of property 'status' are incompatible.
    Type 'string | undefined' is not assignable to type 'PropertyStatus | EnumPropertyStatusFilter<"Property"> | undefined'.
      Type 'string' is not assignable to type 'PropertyStatus | EnumPropertyStatusFilter<"Property"> | undefined'.
server/spatial-queries.ts(83,5): error TS2322: Type '{ price?: { gte: number; } | { lte: number; } | undefined; status?: string | undefined; type?: string | undefined; latitude: { gte: number; lte: number; }; longitude: { gte: number; lte: number; }; }' is not assignable to type 'PropertyWhereInput'.
  Types of property 'status' are incompatible.
    Type 'string | undefined' is not assignable to type 'PropertyStatus | EnumPropertyStatusFilter<"Property"> | undefined'.
      Type 'string' is not assignable to type 'PropertyStatus | EnumPropertyStatusFilter<"Property"> | undefined'.
server/spatial-queries.ts(119,5): error TS2322: Type '{ price?: { gte: number; } | { lte: number; } | undefined; status?: string | undefined; type?: string | undefined; districtId: bigint; }' is not assignable to type 'PropertyWhereInput'.
  Types of property 'status' are incompatible.
    Type 'string | undefined' is not assignable to type 'PropertyStatus | EnumPropertyStatusFilter<"Property"> | undefined'.
      Type 'string' is not assignable to type 'PropertyStatus | EnumPropertyStatusFilter<"Property"> | undefined'.
server/spatial-queries.ts(149,5): error TS2322: Type '{ price?: { gte: number; } | { lte: number; } | undefined; status?: string | undefined; type?: string | undefined; latitude: { not: null; }; longitude: { not: null; }; }' is not assignable to type 'PropertyWhereInput'.
  Types of property 'status' are incompatible.
    Type 'string | undefined' is not assignable to type 'PropertyStatus | EnumPropertyStatusFilter<"Property"> | undefined'.
      Type 'string' is not assignable to type 'PropertyStatus | EnumPropertyStatusFilter<"Property"> | undefined'.
server/spatial-queries.ts(293,5): error TS2322: Type '{ status?: string | undefined; type?: string | undefined; districtId?: number | undefined; cityId?: number | undefined; regionId?: number | undefined; }' is not assignable to type 'PropertyWhereInput'.
  Types of property 'status' are incompatible.
    Type 'string | undefined' is not assignable to type 'PropertyStatus | EnumPropertyStatusFilter<"Property"> | undefined'.
      Type 'string' is not assignable to type 'PropertyStatus | EnumPropertyStatusFilter<"Property"> | undefined'.
server/src/middleware/auth.ts(45,7): error TS2322: Type 'string | null' is not assignable to type 'string'.
  Type 'null' is not assignable to type 'string'.
server/src/middleware/auth.ts(49,7): error TS2322: Type 'string | null' is not assignable to type 'string | undefined'.
  Type 'null' is not assignable to type 'string | undefined'.
server/src/middleware/auth.ts(63,7): error TS2717: Subsequent property declarations must have the same type.  Property 'user' must be of type '{ id: string; email: string; roles: string; organizationId?: string | undefined; } | undefined', but here has type '{ id: string; email: string; roles: string[]; name: string; } | undefined'.
server/src/routes/analytics.ts(173,22): error TS2304: Cannot find name 'getMockAnalyticsData'.
server/src/routes/analytics.ts(213,22): error TS2304: Cannot find name 'getMockAnalyticsData'.
server/src/routes/analytics.ts(264,22): error TS2304: Cannot find name 'getMockAnalyticsData'.
server/src/routes/analytics.ts(300,22): error TS2304: Cannot find name 'getMockAnalyticsData'.
server/src/routes/analytics.ts(344,22): error TS2304: Cannot find name 'getMockAnalyticsData'.
server/src/routes/analytics.ts(388,5): error TS2304: Cannot find name 'allProperties'.
server/src/routes/analytics.ts(398,24): error TS2304: Cannot find name 'allProperties'.
server/src/routes/analytics.ts(401,26): error TS2304: Cannot find name 'allProperties'.
server/src/routes/analytics.ts(401,66): error TS2304: Cannot find name 'allProperties'.
server/src/routes/analytics.ts(412,30): error TS2304: Cannot find name 'allMessages'.
server/src/routes/analytics.ts(413,25): error TS2304: Cannot find name 'allMessages'.
